127.0.0.1 - - [13/Oct/2022:08:08:35 -0300] "GET / HTTP/1.1" 404 751
0:0:0:0:0:0:0:1 - - [13/Oct/2022:08:08:47 -0300] "GET /Back-End/rest/estado HTTP/1.1" 500 4315
127.0.0.1 - - [13/Oct/2022:08:14:30 -0300] "GET / HTTP/1.1" 404 751
0:0:0:0:0:0:0:1 - - [13/Oct/2022:08:14:40 -0300] "GET /Back-End/rest/registroRecrutador HTTP/1.1" 200 2
0:0:0:0:0:0:0:1 - - [13/Oct/2022:08:16:06 -0300] "POST /Back-End/rest/registroRecrutador/ HTTP/1.1" 500 4521
127.0.0.1 - - [13/Oct/2022:08:22:41 -0300] "GET / HTTP/1.1" 404 751
0:0:0:0:0:0:0:1 - - [13/Oct/2022:08:22:44 -0300] "POST /Back-End/rest/registroRecrutador/ HTTP/1.1" 500 4521
127.0.0.1 - - [13/Oct/2022:08:24:20 -0300] "GET / HTTP/1.1" 404 751
127.0.0.1 - - [13/Oct/2022:08:25:07 -0300] "GET / HTTP/1.1" 404 751
0:0:0:0:0:0:0:1 - - [13/Oct/2022:08:25:14 -0300] "POST /Back-End/rest/registroRecrutador/ HTTP/1.1" 500 4521
127.0.0.1 - - [13/Oct/2022:08:28:23 -0300] "GET / HTTP/1.1" 404 751
127.0.0.1 - - [13/Oct/2022:08:29:09 -0300] "GET / HTTP/1.1" 404 751
0:0:0:0:0:0:0:1 - - [13/Oct/2022:08:29:21 -0300] "POST /Back-End/rest/registroRecrutador/ HTTP/1.1" 500 4521
127.0.0.1 - - [13/Oct/2022:08:34:57 -0300] "GET / HTTP/1.1" 404 751
0:0:0:0:0:0:0:1 - - [13/Oct/2022:08:35:02 -0300] "POST /Back-End/rest/estado/ HTTP/1.1" 500 4380
0:0:0:0:0:0:0:1 - - [13/Oct/2022:08:35:44 -0300] "GET /Back-End/rest/estado HTTP/1.1" 500 4315
0:0:0:0:0:0:0:1 - - [13/Oct/2022:08:35:46 -0300] "GET /Back-End/rest/estado HTTP/1.1" 500 4315
127.0.0.1 - - [13/Oct/2022:08:53:48 -0300] "GET / HTTP/1.1" 404 751
127.0.0.1 - - [13/Oct/2022:08:53:57 -0300] "GET / HTTP/1.1" 404 751
0:0:0:0:0:0:0:1 - - [13/Oct/2022:08:54:39 -0300] "POST /Back-End/rest/estado/ HTTP/1.1" 500 4380
127.0.0.1 - - [13/Oct/2022:08:56:26 -0300] "GET / HTTP/1.1" 404 751
0:0:0:0:0:0:0:1 - - [13/Oct/2022:08:56:34 -0300] "POST /Back-End/rest/estado/ HTTP/1.1" 500 4380
127.0.0.1 - - [13/Oct/2022:09:00:40 -0300] "GET / HTTP/1.1" 404 751
0:0:0:0:0:0:0:1 - - [13/Oct/2022:09:00:40 -0300] "GET /Back-End/ HTTP/1.1" 404 764
0:0:0:0:0:0:0:1 - - [13/Oct/2022:09:00:41 -0300] "GET /favicon.ico HTTP/1.1" 404 762
0:0:0:0:0:0:0:1 - - [13/Oct/2022:09:01:32 -0300] "POST /Back-End/rest/estado/ HTTP/1.1" 201 -
0:0:0:0:0:0:0:1 - - [13/Oct/2022:09:04:16 -0300] "GET /Back-End/rest/registroRecrutador HTTP/1.1" 200 190
0:0:0:0:0:0:0:1 - - [13/Oct/2022:09:06:18 -0300] "POST /Back-End/rest/estado/ HTTP/1.1" 201 -
0:0:0:0:0:0:0:1 - - [13/Oct/2022:09:06:30 -0300] "GET /Back-End/rest/estado/25 HTTP/1.1" 204 -
0:0:0:0:0:0:0:1 - - [13/Oct/2022:09:06:42 -0300] "GET /Back-End/rest/estado/25 HTTP/1.1" 204 -
0:0:0:0:0:0:0:1 - - [13/Oct/2022:09:06:53 -0300] "GET /Back-End/rest/estado/25 HTTP/1.1" 204 -
0:0:0:0:0:0:0:1 - - [13/Oct/2022:09:08:34 -0300] "GET /Back-End/rest/estado/25 HTTP/1.1" 204 -
0:0:0:0:0:0:0:1 - - [13/Oct/2022:09:09:11 -0300] "GET /Back-End/rest/estado/25 HTTP/1.1" 204 -
0:0:0:0:0:0:0:1 - - [13/Oct/2022:09:09:22 -0300] "GET /Back-End/rest/estado/25 HTTP/1.1" 204 -
127.0.0.1 - - [13/Oct/2022:09:10:38 -0300] "GET / HTTP/1.1" 404 751
0:0:0:0:0:0:0:1 - - [13/Oct/2022:09:10:46 -0300] "GET /Back-End/rest/estado/25 HTTP/1.1" 204 -
0:0:0:0:0:0:0:1 - - [13/Oct/2022:09:11:53 -0300] "GET /Back-End/rest/registroRecrutador HTTP/1.1" 200 190
0:0:0:0:0:0:0:1 - - [13/Oct/2022:09:11:58 -0300] "GET /Back-End/rest/registroRecrutador/25 HTTP/1.1" 204 -
127.0.0.1 - - [13/Oct/2022:09:12:20 -0300] "GET / HTTP/1.1" 404 751
0:0:0:0:0:0:0:1 - - [13/Oct/2022:09:12:25 -0300] "GET /Back-End/rest/registroRecrutador/25 HTTP/1.1" 204 -
127.0.0.1 - - [13/Oct/2022:09:12:43 -0300] "GET / HTTP/1.1" 404 751
0:0:0:0:0:0:0:1 - - [13/Oct/2022:09:12:49 -0300] "GET /Back-End/rest/registroRecrutador/25 HTTP/1.1" 204 -
0:0:0:0:0:0:0:1 - - [13/Oct/2022:09:13:34 -0300] "GET /Back-End/rest/registroRecrutador/25 HTTP/1.1" 204 -
0:0:0:0:0:0:0:1 - - [13/Oct/2022:09:13:38 -0300] "GET /Back-End/rest/registroRecrutador/1 HTTP/1.1" 204 -
127.0.0.1 - - [13/Oct/2022:09:17:46 -0300] "GET / HTTP/1.1" 404 751
0:0:0:0:0:0:0:1 - - [13/Oct/2022:09:18:04 -0300] "GET /Back-End/rest/estado HTTP/1.1" 200 445
0:0:0:0:0:0:0:1 - - [13/Oct/2022:09:18:19 -0300] "GET /Back-End/rest/estado/2 HTTP/1.1" 204 -
127.0.0.1 - - [13/Oct/2022:09:20:07 -0300] "GET / HTTP/1.1" 404 751
0:0:0:0:0:0:0:1 - - [13/Oct/2022:09:20:30 -0300] "GET /Back-End/rest/estado/2 HTTP/1.1" 204 -
127.0.0.1 - - [13/Oct/2022:09:21:16 -0300] "GET / HTTP/1.1" 404 751
0:0:0:0:0:0:0:1 - - [13/Oct/2022:09:21:20 -0300] "GET /Back-End/rest/estado/2 HTTP/1.1" 500 4428
127.0.0.1 - - [13/Oct/2022:09:22:38 -0300] "GET / HTTP/1.1" 404 751
0:0:0:0:0:0:0:1 - - [13/Oct/2022:09:22:43 -0300] "GET /Back-End/rest/estado/2 HTTP/1.1" 204 -
127.0.0.1 - - [13/Oct/2022:09:23:41 -0300] "GET / HTTP/1.1" 404 751
0:0:0:0:0:0:0:1 - - [13/Oct/2022:09:23:45 -0300] "GET /Back-End/rest/estado/2 HTTP/1.1" 200 56
0:0:0:0:0:0:0:1 - - [13/Oct/2022:09:24:18 -0300] "GET /Back-End/rest/estado HTTP/1.1" 200 445
0:0:0:0:0:0:0:1 - - [13/Oct/2022:09:24:26 -0300] "DELETE /Back-End/rest/estado/2 HTTP/1.1" 500 4900
127.0.0.1 - - [13/Oct/2022:09:26:46 -0300] "GET / HTTP/1.1" 404 751
0:0:0:0:0:0:0:1 - - [13/Oct/2022:09:26:52 -0300] "DELETE /Back-End/rest/estado/2 HTTP/1.1" 204 -
0:0:0:0:0:0:0:1 - - [13/Oct/2022:09:29:03 -0300] "PUT /Back-End/rest/estado/4 HTTP/1.1" 200 -
0:0:0:0:0:0:0:1 - - [13/Oct/2022:09:29:10 -0300] "GET /Back-End/rest/estado HTTP/1.1" 200 384
0:0:0:0:0:0:0:1 - - [13/Oct/2022:09:29:37 -0300] "PUT /Back-End/rest/estado/4 HTTP/1.1" 200 -
127.0.0.1 - - [13/Oct/2022:09:35:29 -0300] "GET / HTTP/1.1" 404 751
0:0:0:0:0:0:0:1 - - [13/Oct/2022:09:35:35 -0300] "POST /Back-End/rest/registroRecrutador/ HTTP/1.1" 500 4521
127.0.0.1 - - [13/Oct/2022:13:36:48 -0300] "GET / HTTP/1.1" 404 751
0:0:0:0:0:0:0:1 - - [13/Oct/2022:13:37:26 -0300] "POST /Back-End/rest/registroRecrutador/ HTTP/1.1" 500 4521
127.0.0.1 - - [13/Oct/2022:13:41:01 -0300] "GET / HTTP/1.1" 404 751
0:0:0:0:0:0:0:1 - - [13/Oct/2022:13:41:10 -0300] "POST /Back-End/rest/registroRecrutador/ HTTP/1.1" 201 -
127.0.0.1 - - [13/Oct/2022:13:46:58 -0300] "GET / HTTP/1.1" 404 751
0:0:0:0:0:0:0:1 - - [13/Oct/2022:13:47:14 -0300] "GET /Back-End/rest/registroRecrutador HTTP/1.1" 200 385
0:0:0:0:0:0:0:1 - - [13/Oct/2022:13:48:12 -0300] "GET /Back-End/rest/registroRecrutador/7 HTTP/1.1" 200 196
0:0:0:0:0:0:0:1 - - [13/Oct/2022:13:48:23 -0300] "DELETE /Back-End/rest/registroRecrutador/7 HTTP/1.1" 204 -
0:0:0:0:0:0:0:1 - - [13/Oct/2022:13:48:25 -0300] "GET /Back-End/rest/registroRecrutador HTTP/1.1" 200 190
0:0:0:0:0:0:0:1 - - [13/Oct/2022:13:50:29 -0300] "PUT /Back-End/rest/registroRecrutador/1 HTTP/1.1" 200 -
0:0:0:0:0:0:0:1 - - [13/Oct/2022:13:50:43 -0300] "GET /Back-End/rest/registroRecrutador/1 HTTP/1.1" 200 191
0:0:0:0:0:0:0:1 - - [13/Oct/2022:13:50:52 -0300] "GET /Back-End/rest/registroRecrutador HTTP/1.1" 200 191
0:0:0:0:0:0:0:1 - - [13/Oct/2022:13:51:15 -0300] "PUT /Back-End/rest/registroRecrutador HTTP/1.1" 405 725
0:0:0:0:0:0:0:1 - - [13/Oct/2022:13:51:41 -0300] "GET /Back-End/rest/registroRecrutador HTTP/1.1" 200 191
0:0:0:0:0:0:0:1 - - [13/Oct/2022:13:51:46 -0300] "PUT /Back-End/rest/registroRecrutador/1 HTTP/1.1" 200 -
127.0.0.1 - - [13/Oct/2022:13:54:50 -0300] "GET / HTTP/1.1" 404 751
0:0:0:0:0:0:0:1 - - [13/Oct/2022:13:54:56 -0300] "PUT /Back-End/rest/registroRecrutador/1 HTTP/1.1" 200 -
0:0:0:0:0:0:0:1 - - [13/Oct/2022:13:55:00 -0300] "GET /Back-End/rest/registroRecrutador/1 HTTP/1.1" 200 191
0:0:0:0:0:0:0:1 - - [13/Oct/2022:13:55:05 -0300] "GET /Back-End/rest/registroRecrutador HTTP/1.1" 200 191
127.0.0.1 - - [13/Oct/2022:13:55:55 -0300] "GET / HTTP/1.1" 404 751
0:0:0:0:0:0:0:1 - - [13/Oct/2022:13:56:09 -0300] "PUT /Back-End/rest/registroRecrutador/1 HTTP/1.1" 200 -
0:0:0:0:0:0:0:1 - - [13/Oct/2022:13:56:14 -0300] "GET /Back-End/rest/registroRecrutador/1 HTTP/1.1" 200 191
0:0:0:0:0:0:0:1 - - [13/Oct/2022:13:56:18 -0300] "GET /Back-End/rest/registroRecrutador HTTP/1.1" 200 191
0:0:0:0:0:0:0:1 - - [13/Oct/2022:13:56:19 -0300] "GET /Back-End/rest/registroRecrutador HTTP/1.1" 200 191
127.0.0.1 - - [13/Oct/2022:13:57:42 -0300] "GET / HTTP/1.1" 404 751
0:0:0:0:0:0:0:1 - - [13/Oct/2022:13:57:49 -0300] "PUT /Back-End/rest/registroRecrutador/1 HTTP/1.1" 200 -
0:0:0:0:0:0:0:1 - - [13/Oct/2022:13:57:58 -0300] "GET /Back-End/rest/registroRecrutador/1 HTTP/1.1" 200 191
0:0:0:0:0:0:0:1 - - [13/Oct/2022:13:57:59 -0300] "GET /Back-End/rest/registroRecrutador/1 HTTP/1.1" 200 191
0:0:0:0:0:0:0:1 - - [13/Oct/2022:13:58:03 -0300] "GET /Back-End/rest/registroRecrutador HTTP/1.1" 200 191
127.0.0.1 - - [13/Oct/2022:14:02:05 -0300] "GET / HTTP/1.1" 404 751
0:0:0:0:0:0:0:1 - - [13/Oct/2022:14:02:15 -0300] "PUT /Back-End/rest/registroRecrutador/1 HTTP/1.1" 200 -
0:0:0:0:0:0:0:1 - - [13/Oct/2022:14:02:18 -0300] "GET /Back-End/rest/registroRecrutador/1 HTTP/1.1" 200 191
0:0:0:0:0:0:0:1 - - [13/Oct/2022:14:02:31 -0300] "GET /Back-End/rest/registroRecrutador HTTP/1.1" 200 191
0:0:0:0:0:0:0:1 - - [13/Oct/2022:14:04:03 -0300] "POST /Back-End/rest/registroRecrutador/ HTTP/1.1" 201 -
0:0:0:0:0:0:0:1 - - [13/Oct/2022:14:04:11 -0300] "GET /Back-End/rest/registroRecrutador HTTP/1.1" 200 383
127.0.0.1 - - [13/Oct/2022:14:07:13 -0300] "GET / HTTP/1.1" 404 751
0:0:0:0:0:0:0:1 - - [13/Oct/2022:14:07:38 -0300] "PUT /Back-End/rest/registroRecrutador/1 HTTP/1.1" 200 -
0:0:0:0:0:0:0:1 - - [13/Oct/2022:14:07:43 -0300] "GET /Back-End/rest/registroRecrutador/1 HTTP/1.1" 200 191
0:0:0:0:0:0:0:1 - - [13/Oct/2022:14:07:46 -0300] "GET /Back-End/rest/registroRecrutador HTTP/1.1" 200 383
0:0:0:0:0:0:0:1 - - [13/Oct/2022:14:08:18 -0300] "PUT /Back-End/rest/registroRecrutador/9 HTTP/1.1" 200 -
0:0:0:0:0:0:0:1 - - [13/Oct/2022:14:08:25 -0300] "GET /Back-End/rest/registroRecrutador/9 HTTP/1.1" 200 197
0:0:0:0:0:0:0:1 - - [13/Oct/2022:14:08:31 -0300] "GET /Back-End/rest/registroRecrutador HTTP/1.1" 200 387
127.0.0.1 - - [13/Oct/2022:14:09:14 -0300] "GET / HTTP/1.1" 404 751
0:0:0:0:0:0:0:1 - - [13/Oct/2022:14:09:23 -0300] "PUT /Back-End/rest/registroRecrutador/9 HTTP/1.1" 200 -
0:0:0:0:0:0:0:1 - - [13/Oct/2022:14:09:27 -0300] "GET /Back-End/rest/registroRecrutador/9 HTTP/1.1" 200 197
127.0.0.1 - - [13/Oct/2022:14:11:15 -0300] "GET / HTTP/1.1" 404 751
0:0:0:0:0:0:0:1 - - [13/Oct/2022:14:11:20 -0300] "PUT /Back-End/rest/registroRecrutador/9 HTTP/1.1" 200 -
0:0:0:0:0:0:0:1 - - [13/Oct/2022:14:11:24 -0300] "GET /Back-End/rest/registroRecrutador/9 HTTP/1.1" 200 197
127.0.0.1 - - [13/Oct/2022:14:12:22 -0300] "GET / HTTP/1.1" 404 751
0:0:0:0:0:0:0:1 - - [13/Oct/2022:14:12:28 -0300] "GET /Back-End/rest/registroRecrutador/9 HTTP/1.1" 200 197
0:0:0:0:0:0:0:1 - - [13/Oct/2022:14:12:34 -0300] "PUT /Back-End/rest/registroRecrutador/9 HTTP/1.1" 200 -
0:0:0:0:0:0:0:1 - - [13/Oct/2022:14:12:37 -0300] "GET /Back-End/rest/registroRecrutador/9 HTTP/1.1" 200 197
0:0:0:0:0:0:0:1 - - [13/Oct/2022:14:12:41 -0300] "GET /Back-End/rest/registroRecrutador HTTP/1.1" 200 387
127.0.0.1 - - [13/Oct/2022:14:13:36 -0300] "GET / HTTP/1.1" 404 751
0:0:0:0:0:0:0:1 - - [13/Oct/2022:14:13:44 -0300] "PUT /Back-End/rest/registroRecrutador/9 HTTP/1.1" 200 -
0:0:0:0:0:0:0:1 - - [13/Oct/2022:14:13:48 -0300] "GET /Back-End/rest/registroRecrutador/9 HTTP/1.1" 200 197
0:0:0:0:0:0:0:1 - - [13/Oct/2022:14:13:56 -0300] "PUT /Back-End/rest/registroRecrutador/9 HTTP/1.1" 200 -
0:0:0:0:0:0:0:1 - - [13/Oct/2022:14:14:04 -0300] "GET /Back-End/rest/registroRecrutador HTTP/1.1" 200 387
127.0.0.1 - - [13/Oct/2022:14:16:02 -0300] "GET / HTTP/1.1" 404 751
0:0:0:0:0:0:0:1 - - [13/Oct/2022:14:16:09 -0300] "PUT /Back-End/rest/registroRecrutador/9 HTTP/1.1" 200 -
0:0:0:0:0:0:0:1 - - [13/Oct/2022:14:16:17 -0300] "GET /Back-End/rest/registroRecrutador/9 HTTP/1.1" 200 197
0:0:0:0:0:0:0:1 - - [13/Oct/2022:14:16:24 -0300] "GET /Back-End/rest/registroRecrutador HTTP/1.1" 200 387
127.0.0.1 - - [13/Oct/2022:14:17:15 -0300] "GET / HTTP/1.1" 404 751
0:0:0:0:0:0:0:1 - - [13/Oct/2022:14:17:20 -0300] "PUT /Back-End/rest/registroRecrutador/9 HTTP/1.1" 200 -
0:0:0:0:0:0:0:1 - - [13/Oct/2022:14:17:23 -0300] "GET /Back-End/rest/registroRecrutador/9 HTTP/1.1" 200 197
127.0.0.1 - - [13/Oct/2022:14:20:26 -0300] "GET / HTTP/1.1" 404 751
0:0:0:0:0:0:0:1 - - [13/Oct/2022:14:20:52 -0300] "POST /Back-End/rest/registroRecrutador/ HTTP/1.1" 201 -
0:0:0:0:0:0:0:1 - - [13/Oct/2022:14:20:56 -0300] "GET /Back-End/rest/registroRecrutador HTTP/1.1" 200 387
127.0.0.1 - - [13/Oct/2022:14:21:28 -0300] "GET / HTTP/1.1" 404 751
0:0:0:0:0:0:0:1 - - [13/Oct/2022:14:21:57 -0300] "POST /Back-End/rest/registroRecrutador/ HTTP/1.1" 201 -
0:0:0:0:0:0:0:1 - - [13/Oct/2022:14:21:59 -0300] "GET /Back-End/rest/registroRecrutador HTTP/1.1" 200 576
127.0.0.1 - - [13/Oct/2022:14:23:09 -0300] "GET / HTTP/1.1" 404 751
0:0:0:0:0:0:0:1 - - [13/Oct/2022:14:24:10 -0300] "PUT /Back-End/rest/registroRecrutador/9 HTTP/1.1" 200 -
0:0:0:0:0:0:0:1 - - [13/Oct/2022:14:24:14 -0300] "GET /Back-End/rest/registroRecrutador HTTP/1.1" 200 566
127.0.0.1 - - [13/Oct/2022:14:29:53 -0300] "GET / HTTP/1.1" 404 751
0:0:0:0:0:0:0:1 - - [13/Oct/2022:14:30:46 -0300] "PUT /Back-End/rest/registroRecrutador/1 HTTP/1.1" 200 -
0:0:0:0:0:0:0:1 - - [13/Oct/2022:14:30:51 -0300] "GET /Back-End/rest/registroRecrutador HTTP/1.1" 200 568
127.0.0.1 - - [13/Oct/2022:14:33:55 -0300] "GET / HTTP/1.1" 404 751
0:0:0:0:0:0:0:1 - - [13/Oct/2022:14:34:12 -0300] "PUT /Back-End/rest/registroRecrutador/1 HTTP/1.1" 200 -
0:0:0:0:0:0:0:1 - - [13/Oct/2022:14:34:24 -0300] "GET /Back-End/rest/registroRecrutador/1 HTTP/1.1" 200 194
0:0:0:0:0:0:0:1 - - [13/Oct/2022:14:34:27 -0300] "GET /Back-End/rest/registroRecrutador HTTP/1.1" 200 569
127.0.0.1 - - [13/Oct/2022:14:39:18 -0300] "GET / HTTP/1.1" 404 751
0:0:0:0:0:0:0:1 - - [13/Oct/2022:14:39:43 -0300] "PUT /Back-End/rest/registroRecrutador/1 HTTP/1.1" 200 -
0:0:0:0:0:0:0:1 - - [13/Oct/2022:14:40:10 -0300] "PUT /Back-End/rest/registroRecrutador/1 HTTP/1.1" 200 -
127.0.0.1 - - [13/Oct/2022:14:46:33 -0300] "GET / HTTP/1.1" 404 751
0:0:0:0:0:0:0:1 - - [13/Oct/2022:14:46:36 -0300] "PUT /Back-End/rest/registroRecrutador/1 HTTP/1.1" 500 4990
127.0.0.1 - - [13/Oct/2022:14:53:48 -0300] "GET / HTTP/1.1" 404 751
0:0:0:0:0:0:0:1 - - [13/Oct/2022:14:53:56 -0300] "PUT /Back-End/rest/registroRecrutador/1 HTTP/1.1" 200 -
0:0:0:0:0:0:0:1 - - [13/Oct/2022:14:53:59 -0300] "GET /Back-End/rest/registroRecrutador/1 HTTP/1.1" 200 189
0:0:0:0:0:0:0:1 - - [13/Oct/2022:16:06:45 -0300] "GET /Back-End/rest/registroRecrutador HTTP/1.1" 200 564
127.0.0.1 - - [13/Oct/2022:16:07:28 -0300] "GET / HTTP/1.1" 404 751
0:0:0:0:0:0:0:1 - - [13/Oct/2022:16:07:36 -0300] "GET /Back-End/ HTTP/1.1" 404 764
127.0.0.1 - - [13/Oct/2022:17:17:23 -0300] "GET / HTTP/1.1" 404 751
0:0:0:0:0:0:0:1 - - [13/Oct/2022:17:18:02 -0300] "POST /Back-End/rest/registroCandidato/ HTTP/1.1" 500 7820
0:0:0:0:0:0:0:1 - - [13/Oct/2022:17:18:12 -0300] "POST /Back-End/rest/registroCandidato/ HTTP/1.1" 500 7820
0:0:0:0:0:0:0:1 - - [13/Oct/2022:17:18:14 -0300] "POST /Back-End/rest/registroCandidato/ HTTP/1.1" 500 7820
127.0.0.1 - - [13/Oct/2022:17:18:41 -0300] "GET / HTTP/1.1" 404 751
0:0:0:0:0:0:0:1 - - [13/Oct/2022:17:18:48 -0300] "POST /Back-End/rest/registroCandidato/ HTTP/1.1" 500 7820
0:0:0:0:0:0:0:1 - - [13/Oct/2022:17:19:40 -0300] "POST /Back-End/rest/registroCandidato/ HTTP/1.1" 500 7820
